{
  "0 debug pnpm:scope": {
    "selected": 4,
    "total": 4,
    "workspacePrefix": "C:\\Users\\jiton\\project\\vue-form-design\\vue-form-design"
  },
  "1 debug pnpm:package-manifest": {
    "initial": {
      "name": "vue-form-design",
      "version": "1.0.0-alpha.2",
      "private": true,
      "packageManager": "pnpm@7.1.9",
      "scripts": {
        "dev": "pnpm --filter \"starfish-playground\" dev",
        "serve": "pnpm --filter \"starfish-editor\" serve",
        "pg": "pnpm --filter \"starfish-playground\" dev",
        "bootstrap": "pnpm i && pnpm prepare",
        "lint-fix": "npx eslint . --fix --ext .vue,.js,.ts,.tsx",
        "clean:top": "rimraf */**/dist */dist ",
        "clean:modules": "rimraf node_modules **/node_modules **/**/node_modules",
        "clean:all": "pnpm clean:top && pnpm clean:modules",
        "prepare": "husky install",
        "build": " pnpm --filter \"starfish-*\" build",
        "commit": "git-cz"
      },
      "engines": {
        "node": ">=14"
      },
      "repository": {
        "type": "git",
        "url": "git@github.com:haixin-fang/vue-form-design.git"
      },
      "bugs": {
        "url": "https://github.com/haixin-fang/vue-form-design/issues"
      },
      "author": "haixin-fang",
      "license": "MIT",
      "keywords": [
        "Vite",
        "Vue3",
        "lowcode",
        "form",
        "starfish",
        "vue",
        "editor",
        "drag",
        "resize",
        "typescript",
        "element-plus",
        "表单",
        "动态表单",
        "低代码"
      ],
      "devDependencies": {
        "@commitlint/config-conventional": "^17.0.2",
        "@types/node": "^18.6.5",
        "@typescript-eslint/eslint-plugin": "^4.18.0",
        "@typescript-eslint/parser": "^4.18.0",
        "@vue/eslint-config-prettier": "^6.0.0",
        "@vue/eslint-config-typescript": "^11.0.0",
        "babel-eslint": "^10.1.0",
        "commitizen": "^4.2.4",
        "commitlint": "^17.0.2",
        "cross-env": "^7.0.3",
        "cz-conventional-changelog": "^3.3.0",
        "eslint": "^6.7.2",
        "eslint-plugin-prettier": "^3.3.1",
        "eslint-plugin-simple-import-sort": "^7.0.0",
        "eslint-plugin-vue": "^7.0.0",
        "husky": "^8.0.1",
        "lint-staged": "^13.0.2",
        "prettier": "^2.2.1",
        "rimraf": "^3.0.2",
        "typescript": "4.1.5",
        "vite": "^2.9.12"
      },
      "config": {
        "commitizen": {
          "path": "./node_modules/cz-conventional-changelog"
        }
      }
    },
    "prefix": "C:\\Users\\jiton\\project\\vue-form-design\\vue-form-design"
  },
  "2 debug pnpm:package-manifest": {
    "initial": {
      "name": "starfish-playground",
      "private": true,
      "version": "0.0.0",
      "type": "module",
      "scripts": {
        "dev": "vite",
        "build": "vite build",
        "preview": "vite preview"
      },
      "dependencies": {
        "@element-plus/icons-vue": "^2.0.8",
        "element-plus": "^2.2.12",
        "starfish-editor": "^1.1.21",
        "starfish-form": "^1.2.9",
        "vite": "^4.5.2",
        "vue": "^3.2.37",
        "vue-router": "^4.1.3"
      },
      "devDependencies": {
        "@vitejs/plugin-vue": "^3.0.0",
        "rollup-plugin-visualizer": "^5.12.0",
        "sass": "^1.54.3",
        "typescript": "^4.6.4",
        "unplugin-auto-import": "^0.17.5",
        "unplugin-vue-components": "^0.26.0",
        "vite": "^3.0.0",
        "vue-tsc": "^0.38.4"
      }
    },
    "prefix": "C:\\Users\\jiton\\project\\vue-form-design\\vue-form-design\\playground"
  },
  "3 debug pnpm:package-manifest": {
    "initial": {
      "name": "starfish-editor-custom",
      "version": "1.0.33",
      "main": "dist/starfish-editor.umd.js",
      "style": "dist/style.css",
      "module": "dist/starfish-editor.es.js",
      "types": "dist/types/starfish-editor.d.ts",
      "exports": {
        ".": {
          "import": "./dist/starfish-editor.es.js"
        },
        "./dist/style.css": {
          "import": "./dist/style.css"
        },
        "./*": "./*"
      },
      "scripts": {
        "dev": "vite",
        "build": "vite build"
      },
      "dependencies": {
        "@babel/core": "^7.18.5",
        "@codemirror/lang-css": "6.0.0",
        "@codemirror/lang-html": "6.1.0",
        "@codemirror/lang-javascript": "6.0.2",
        "@codemirror/lang-json": "6.0.0",
        "@tiptap/react": "^3.10.7",
        "clipboard": "^2.0.11",
        "codemirror": "6.0.1",
        "core-js": "^3.6.5",
        "element-plus": "^2.2.12",
        "gesto": "^1.9.0",
        "jsoneditor": "^9.9.0",
        "keycon": "^1.1.2",
        "mitt": "^3.0.0",
        "nanoid": "^4.0.0",
        "starfish-form-custom": "1.0.32",
        "vue": "^3.2.37",
        "vue-codemirror": "6.1.1",
        "vuedraggable": "^4.1.0",
        "wangeditor": "^4.7.15"
      },
      "devDependencies": {
        "@vitejs/plugin-vue": "^2.3.3",
        "cross-env": "^7.0.3",
        "live-server": "^1.2.2",
        "rollup-plugin-visualizer": "^5.8.3",
        "sass": "^1.94.1",
        "sass-embedded": "^1.93.3",
        "typescript": "^4.3.4",
        "unplugin-auto-import": "^0.17.5",
        "unplugin-vue-components": "^0.26.0",
        "vite": "^2.9.12",
        "vite-plugin-dts": "^1.2.0",
        "vue-tsc": "^0.34.7"
      }
    },
    "prefix": "C:\\Users\\jiton\\project\\vue-form-design\\vue-form-design\\packages\\editor"
  },
  "4 debug pnpm:package-manifest": {
    "initial": {
      "name": "starfish-form-custom",
      "version": "1.0.33",
      "main": "dist/starfish-form.mjs",
      "style": "dist/style.css",
      "module": "dist/starfish-form.mjs",
      "types": "dist/types/starfish-form.d.ts",
      "exports": {
        ".": {
          "import": "./dist/starfish-form.mjs"
        },
        "./dist/style.css": {
          "import": "./dist/style.css"
        },
        "./*": "./*"
      },
      "scripts": {
        "build": "vite build",
        "prepublish": "npm version && npm run build"
      },
      "dependencies": {
        "@codemirror/lang-javascript": "6.0.2",
        "@element-plus/icons-vue": "^2.0.8",
        "@tiptap/extension-underline": "^3.10.7",
        "@tiptap/pm": "^3.10.7",
        "@tiptap/starter-kit": "^3.10.7",
        "@tiptap/vue-3": "^3.10.7",
        "element-plus": "^2.2.12",
        "jsoneditor": "^9.9.0",
        "vue": "^3.2.25",
        "vue-codemirror": "6.1.1",
        "codemirror": "6.0.1"
      },
      "devDependencies": {
        "@vitejs/plugin-vue": "^2.3.3",
        "rollup-plugin-visualizer": "^5.8.3",
        "sass": "^1.35.1",
        "typescript": "^4.5.4",
        "unplugin-auto-import": "^0.17.5",
        "unplugin-vue-components": "^0.26.0",
        "vite": "^4.5.2",
        "vite-plugin-dts": "^1.2.0",
        "vue-tsc": "^0.34.7"
      }
    },
    "prefix": "C:\\Users\\jiton\\project\\vue-form-design\\vue-form-design\\packages\\form"
  },
  "5 warn pnpm": {
    "message": "Ignoring broken lockfile at C:\\Users\\jiton\\project\\vue-form-design\\vue-form-design\\node_modules\\.pnpm: Lockfile C:\\Users\\jiton\\project\\vue-form-design\\vue-form-design\\node_modules\\.pnpm\\lock.yaml not compatible with current pnpm",
    "prefix": "C:\\Users\\jiton\\project\\vue-form-design\\vue-form-design"
  },
  "6 debug pnpm:context": {
    "currentLockfileExists": false,
    "storeDir": "C:\\Users\\jiton\\AppData\\Local\\pnpm\\store\\v3",
    "virtualStoreDir": "C:\\Users\\jiton\\project\\vue-form-design\\vue-form-design\\node_modules\\.pnpm"
  },
  "7 debug pnpm:stage": {
    "prefix": "C:\\Users\\jiton\\project\\vue-form-design\\vue-form-design",
    "stage": "resolution_started"
  },
  "8 warn pnpm": {
    "message": "Moving @vitejs/plugin-vue that was installed by a different package manager to \"node_modules/.ignored",
    "prefix": "C:\\Users\\jiton\\project\\vue-form-design\\vue-form-design\\packages\\editor"
  },
  "9 warn pnpm": {
    "message": "Moving cross-env that was installed by a different package manager to \"node_modules/.ignored",
    "prefix": "C:\\Users\\jiton\\project\\vue-form-design\\vue-form-design\\packages\\editor"
  },
  "10 warn pnpm": {
    "message": "Moving live-server that was installed by a different package manager to \"node_modules/.ignored",
    "prefix": "C:\\Users\\jiton\\project\\vue-form-design\\vue-form-design\\packages\\editor"
  },
  "11 warn pnpm": {
    "message": "Moving rollup-plugin-visualizer that was installed by a different package manager to \"node_modules/.ignored",
    "prefix": "C:\\Users\\jiton\\project\\vue-form-design\\vue-form-design\\packages\\editor"
  },
  "12 warn pnpm": {
    "message": "Moving sass that was installed by a different package manager to \"node_modules/.ignored",
    "prefix": "C:\\Users\\jiton\\project\\vue-form-design\\vue-form-design\\packages\\editor"
  },
  "13 warn pnpm": {
    "message": "Moving sass-embedded that was installed by a different package manager to \"node_modules/.ignored",
    "prefix": "C:\\Users\\jiton\\project\\vue-form-design\\vue-form-design\\packages\\editor"
  },
  "14 warn pnpm": {
    "message": "Moving typescript that was installed by a different package manager to \"node_modules/.ignored",
    "prefix": "C:\\Users\\jiton\\project\\vue-form-design\\vue-form-design\\packages\\editor"
  },
  "15 warn pnpm": {
    "message": "Moving unplugin-auto-import that was installed by a different package manager to \"node_modules/.ignored",
    "prefix": "C:\\Users\\jiton\\project\\vue-form-design\\vue-form-design\\packages\\editor"
  },
  "16 warn pnpm": {
    "message": "Moving unplugin-vue-components that was installed by a different package manager to \"node_modules/.ignored",
    "prefix": "C:\\Users\\jiton\\project\\vue-form-design\\vue-form-design\\packages\\editor"
  },
  "17 warn pnpm": {
    "message": "Moving vite that was installed by a different package manager to \"node_modules/.ignored",
    "prefix": "C:\\Users\\jiton\\project\\vue-form-design\\vue-form-design\\packages\\editor"
  },
  "18 warn pnpm": {
    "message": "Moving vite-plugin-dts that was installed by a different package manager to \"node_modules/.ignored",
    "prefix": "C:\\Users\\jiton\\project\\vue-form-design\\vue-form-design\\packages\\editor"
  },
  "19 warn pnpm": {
    "message": "Moving vue-tsc that was installed by a different package manager to \"node_modules/.ignored",
    "prefix": "C:\\Users\\jiton\\project\\vue-form-design\\vue-form-design\\packages\\editor"
  },
  "20 warn pnpm": {
    "message": "Moving @babel/core that was installed by a different package manager to \"node_modules/.ignored",
    "prefix": "C:\\Users\\jiton\\project\\vue-form-design\\vue-form-design\\packages\\editor"
  },
  "21 warn pnpm": {
    "message": "Moving @codemirror/lang-css that was installed by a different package manager to \"node_modules/.ignored",
    "prefix": "C:\\Users\\jiton\\project\\vue-form-design\\vue-form-design\\packages\\editor"
  },
  "22 warn pnpm": {
    "message": "Moving @codemirror/lang-html that was installed by a different package manager to \"node_modules/.ignored",
    "prefix": "C:\\Users\\jiton\\project\\vue-form-design\\vue-form-design\\packages\\editor"
  },
  "23 warn pnpm": {
    "message": "Moving @codemirror/lang-javascript that was installed by a different package manager to \"node_modules/.ignored",
    "prefix": "C:\\Users\\jiton\\project\\vue-form-design\\vue-form-design\\packages\\editor"
  },
  "24 warn pnpm": {
    "message": "Moving @codemirror/lang-json that was installed by a different package manager to \"node_modules/.ignored",
    "prefix": "C:\\Users\\jiton\\project\\vue-form-design\\vue-form-design\\packages\\editor"
  },
  "25 warn pnpm": {
    "message": "Moving @tiptap/react that was installed by a different package manager to \"node_modules/.ignored",
    "prefix": "C:\\Users\\jiton\\project\\vue-form-design\\vue-form-design\\packages\\editor"
  },
  "26 warn pnpm": {
    "message": "Moving clipboard that was installed by a different package manager to \"node_modules/.ignored",
    "prefix": "C:\\Users\\jiton\\project\\vue-form-design\\vue-form-design\\packages\\editor"
  },
  "27 warn pnpm": {
    "message": "Moving codemirror that was installed by a different package manager to \"node_modules/.ignored",
    "prefix": "C:\\Users\\jiton\\project\\vue-form-design\\vue-form-design\\packages\\editor"
  },
  "28 warn pnpm": {
    "message": "Moving core-js that was installed by a different package manager to \"node_modules/.ignored",
    "prefix": "C:\\Users\\jiton\\project\\vue-form-design\\vue-form-design\\packages\\editor"
  },
  "29 warn pnpm": {
    "message": "Moving element-plus that was installed by a different package manager to \"node_modules/.ignored",
    "prefix": "C:\\Users\\jiton\\project\\vue-form-design\\vue-form-design\\packages\\editor"
  },
  "30 warn pnpm": {
    "message": "Moving gesto that was installed by a different package manager to \"node_modules/.ignored",
    "prefix": "C:\\Users\\jiton\\project\\vue-form-design\\vue-form-design\\packages\\editor"
  },
  "31 warn pnpm": {
    "message": "Moving jsoneditor that was installed by a different package manager to \"node_modules/.ignored",
    "prefix": "C:\\Users\\jiton\\project\\vue-form-design\\vue-form-design\\packages\\editor"
  },
  "32 warn pnpm": {
    "message": "Moving keycon that was installed by a different package manager to \"node_modules/.ignored",
    "prefix": "C:\\Users\\jiton\\project\\vue-form-design\\vue-form-design\\packages\\editor"
  },
  "33 warn pnpm": {
    "message": "Moving mitt that was installed by a different package manager to \"node_modules/.ignored",
    "prefix": "C:\\Users\\jiton\\project\\vue-form-design\\vue-form-design\\packages\\editor"
  },
  "34 warn pnpm": {
    "message": "Moving nanoid that was installed by a different package manager to \"node_modules/.ignored",
    "prefix": "C:\\Users\\jiton\\project\\vue-form-design\\vue-form-design\\packages\\editor"
  },
  "35 warn pnpm": {
    "message": "Moving vue that was installed by a different package manager to \"node_modules/.ignored",
    "prefix": "C:\\Users\\jiton\\project\\vue-form-design\\vue-form-design\\packages\\editor"
  },
  "36 warn pnpm": {
    "message": "Moving vue-codemirror that was installed by a different package manager to \"node_modules/.ignored",
    "prefix": "C:\\Users\\jiton\\project\\vue-form-design\\vue-form-design\\packages\\editor"
  },
  "37 warn pnpm": {
    "message": "Moving vuedraggable that was installed by a different package manager to \"node_modules/.ignored",
    "prefix": "C:\\Users\\jiton\\project\\vue-form-design\\vue-form-design\\packages\\editor"
  },
  "38 warn pnpm": {
    "message": "Moving wangeditor that was installed by a different package manager to \"node_modules/.ignored",
    "prefix": "C:\\Users\\jiton\\project\\vue-form-design\\vue-form-design\\packages\\editor"
  },
  "39 debug pnpm:request-retry": {
    "attempt": 1,
    "error": {
      "code": "ERR_INVALID_THIS"
    },
    "maxRetries": 2,
    "method": "GET",
    "timeout": 10000,
    "url": "https://registry.npmjs.org/@commitlint%2Fconfig-conventional"
  },
  "40 debug pnpm:request-retry": {
    "attempt": 1,
    "error": {
      "code": "ERR_INVALID_THIS"
    },
    "maxRetries": 2,
    "method": "GET",
    "timeout": 10000,
    "url": "https://registry.npmjs.org/@types%2Fnode"
  },
  "41 debug pnpm:request-retry": {
    "attempt": 1,
    "error": {
      "code": "ERR_INVALID_THIS"
    },
    "maxRetries": 2,
    "method": "GET",
    "timeout": 10000,
    "url": "https://registry.npmjs.org/@typescript-eslint%2Feslint-plugin"
  },
  "42 debug pnpm:request-retry": {
    "attempt": 1,
    "error": {
      "code": "ERR_INVALID_THIS"
    },
    "maxRetries": 2,
    "method": "GET",
    "timeout": 10000,
    "url": "https://registry.npmjs.org/@typescript-eslint%2Fparser"
  },
  "43 debug pnpm:request-retry": {
    "attempt": 1,
    "error": {
      "code": "ERR_INVALID_THIS"
    },
    "maxRetries": 2,
    "method": "GET",
    "timeout": 10000,
    "url": "https://registry.npmjs.org/@vue%2Feslint-config-prettier"
  },
  "44 debug pnpm:request-retry": {
    "attempt": 1,
    "error": {
      "code": "ERR_INVALID_THIS"
    },
    "maxRetries": 2,
    "method": "GET",
    "timeout": 10000,
    "url": "https://registry.npmjs.org/@vue%2Feslint-config-typescript"
  },
  "45 debug pnpm:request-retry": {
    "attempt": 1,
    "error": {
      "code": "ERR_INVALID_THIS"
    },
    "maxRetries": 2,
    "method": "GET",
    "timeout": 10000,
    "url": "https://registry.npmjs.org/babel-eslint"
  },
  "46 debug pnpm:request-retry": {
    "attempt": 1,
    "error": {
      "code": "ERR_INVALID_THIS"
    },
    "maxRetries": 2,
    "method": "GET",
    "timeout": 10000,
    "url": "https://registry.npmjs.org/commitizen"
  },
  "47 debug pnpm:request-retry": {
    "attempt": 1,
    "error": {
      "code": "ERR_INVALID_THIS"
    },
    "maxRetries": 2,
    "method": "GET",
    "timeout": 10000,
    "url": "https://registry.npmjs.org/commitlint"
  },
  "48 debug pnpm:request-retry": {
    "attempt": 1,
    "error": {
      "code": "ERR_INVALID_THIS"
    },
    "maxRetries": 2,
    "method": "GET",
    "timeout": 10000,
    "url": "https://registry.npmjs.org/cross-env"
  },
  "49 debug pnpm:request-retry": {
    "attempt": 1,
    "error": {
      "code": "ERR_INVALID_THIS"
    },
    "maxRetries": 2,
    "method": "GET",
    "timeout": 10000,
    "url": "https://registry.npmjs.org/cz-conventional-changelog"
  },
  "50 debug pnpm:request-retry": {
    "attempt": 1,
    "error": {
      "code": "ERR_INVALID_THIS"
    },
    "maxRetries": 2,
    "method": "GET",
    "timeout": 10000,
    "url": "https://registry.npmjs.org/eslint"
  },
  "51 debug pnpm:request-retry": {
    "attempt": 1,
    "error": {
      "code": "ERR_INVALID_THIS"
    },
    "maxRetries": 2,
    "method": "GET",
    "timeout": 10000,
    "url": "https://registry.npmjs.org/eslint-plugin-prettier"
  },
  "52 debug pnpm:request-retry": {
    "attempt": 1,
    "error": {
      "code": "ERR_INVALID_THIS"
    },
    "maxRetries": 2,
    "method": "GET",
    "timeout": 10000,
    "url": "https://registry.npmjs.org/eslint-plugin-simple-import-sort"
  },
  "53 debug pnpm:request-retry": {
    "attempt": 1,
    "error": {
      "code": "ERR_INVALID_THIS"
    },
    "maxRetries": 2,
    "method": "GET",
    "timeout": 10000,
    "url": "https://registry.npmjs.org/eslint-plugin-vue"
  },
  "54 debug pnpm:request-retry": {
    "attempt": 1,
    "error": {
      "code": "ERR_INVALID_THIS"
    },
    "maxRetries": 2,
    "method": "GET",
    "timeout": 10000,
    "url": "https://registry.npmjs.org/husky"
  },
  "55 debug pnpm:request-retry": {
    "attempt": 2,
    "error": {
      "code": "ERR_INVALID_THIS"
    },
    "maxRetries": 2,
    "method": "GET",
    "timeout": 60000,
    "url": "https://registry.npmjs.org/@commitlint%2Fconfig-conventional"
  },
  "56 debug pnpm:request-retry": {
    "attempt": 2,
    "error": {
      "code": "ERR_INVALID_THIS"
    },
    "maxRetries": 2,
    "method": "GET",
    "timeout": 60000,
    "url": "https://registry.npmjs.org/@types%2Fnode"
  },
  "57 debug pnpm:request-retry": {
    "attempt": 2,
    "error": {
      "code": "ERR_INVALID_THIS"
    },
    "maxRetries": 2,
    "method": "GET",
    "timeout": 60000,
    "url": "https://registry.npmjs.org/@typescript-eslint%2Feslint-plugin"
  },
  "58 debug pnpm:request-retry": {
    "attempt": 2,
    "error": {
      "code": "ERR_INVALID_THIS"
    },
    "maxRetries": 2,
    "method": "GET",
    "timeout": 60000,
    "url": "https://registry.npmjs.org/@typescript-eslint%2Fparser"
  },
  "59 debug pnpm:request-retry": {
    "attempt": 2,
    "error": {
      "code": "ERR_INVALID_THIS"
    },
    "maxRetries": 2,
    "method": "GET",
    "timeout": 60000,
    "url": "https://registry.npmjs.org/@vue%2Feslint-config-prettier"
  },
  "60 debug pnpm:request-retry": {
    "attempt": 2,
    "error": {
      "code": "ERR_INVALID_THIS"
    },
    "maxRetries": 2,
    "method": "GET",
    "timeout": 60000,
    "url": "https://registry.npmjs.org/@vue%2Feslint-config-typescript"
  },
  "61 debug pnpm:request-retry": {
    "attempt": 2,
    "error": {
      "code": "ERR_INVALID_THIS"
    },
    "maxRetries": 2,
    "method": "GET",
    "timeout": 60000,
    "url": "https://registry.npmjs.org/babel-eslint"
  },
  "62 debug pnpm:request-retry": {
    "attempt": 2,
    "error": {
      "code": "ERR_INVALID_THIS"
    },
    "maxRetries": 2,
    "method": "GET",
    "timeout": 60000,
    "url": "https://registry.npmjs.org/commitizen"
  },
  "63 debug pnpm:request-retry": {
    "attempt": 2,
    "error": {
      "code": "ERR_INVALID_THIS"
    },
    "maxRetries": 2,
    "method": "GET",
    "timeout": 60000,
    "url": "https://registry.npmjs.org/commitlint"
  },
  "64 debug pnpm:request-retry": {
    "attempt": 2,
    "error": {
      "code": "ERR_INVALID_THIS"
    },
    "maxRetries": 2,
    "method": "GET",
    "timeout": 60000,
    "url": "https://registry.npmjs.org/cross-env"
  },
  "65 debug pnpm:request-retry": {
    "attempt": 2,
    "error": {
      "code": "ERR_INVALID_THIS"
    },
    "maxRetries": 2,
    "method": "GET",
    "timeout": 60000,
    "url": "https://registry.npmjs.org/cz-conventional-changelog"
  },
  "66 debug pnpm:request-retry": {
    "attempt": 2,
    "error": {
      "code": "ERR_INVALID_THIS"
    },
    "maxRetries": 2,
    "method": "GET",
    "timeout": 60000,
    "url": "https://registry.npmjs.org/eslint"
  },
  "67 debug pnpm:request-retry": {
    "attempt": 2,
    "error": {
      "code": "ERR_INVALID_THIS"
    },
    "maxRetries": 2,
    "method": "GET",
    "timeout": 60000,
    "url": "https://registry.npmjs.org/eslint-plugin-prettier"
  },
  "68 debug pnpm:request-retry": {
    "attempt": 2,
    "error": {
      "code": "ERR_INVALID_THIS"
    },
    "maxRetries": 2,
    "method": "GET",
    "timeout": 60000,
    "url": "https://registry.npmjs.org/eslint-plugin-simple-import-sort"
  },
  "69 debug pnpm:request-retry": {
    "attempt": 2,
    "error": {
      "code": "ERR_INVALID_THIS"
    },
    "maxRetries": 2,
    "method": "GET",
    "timeout": 60000,
    "url": "https://registry.npmjs.org/eslint-plugin-vue"
  },
  "70 debug pnpm:request-retry": {
    "attempt": 2,
    "error": {
      "code": "ERR_INVALID_THIS"
    },
    "maxRetries": 2,
    "method": "GET",
    "timeout": 60000,
    "url": "https://registry.npmjs.org/husky"
  },
  "71 debug pnpm:request-retry": {
    "attempt": 1,
    "error": {
      "code": "ERR_INVALID_THIS"
    },
    "maxRetries": 2,
    "method": "GET",
    "timeout": 10000,
    "url": "https://registry.npmjs.org/lint-staged"
  },
  "72 error pnpm": {
    "code": "ERR_PNPM_META_FETCH_FAIL",
    "attempts": 1,
    "spec": {
      "fetchSpec": ">=17.0.2 <18.0.0-0",
      "name": "@commitlint/config-conventional",
      "type": "range"
    },
    "pkgsStack": [],
    "err": {
      "name": "pnpm",
      "message": "GET https://registry.npmjs.org/@commitlint%2Fconfig-conventional: Value of \"this\" must be of type URLSearchParams",
      "code": "ERR_PNPM_META_FETCH_FAIL",
      "stack": "pnpm: GET https://registry.npmjs.org/@commitlint%2Fconfig-conventional: Value of \"this\" must be of type URLSearchParams\n    at RetryOperation._fn (C:\\Users\\jiton\\AppData\\Local\\pnpm\\.tools\\pnpm\\7.1.9\\node_modules\\pnpm\\dist\\pnpm.cjs:84485:19)\n    at processTicksAndRejections (node:internal/process/task_queues:95:5)\n    at runNextTicks (node:internal/process/task_queues:64:3)\n    at listOnTimeout (node:internal/timers:545:9)\n    at process.processTimers (node:internal/timers:519:7)"
    }
  },
  "73 debug pnpm:request-retry": {
    "attempt": 1,
    "error": {
      "code": "ERR_INVALID_THIS"
    },
    "maxRetries": 2,
    "method": "GET",
    "timeout": 10000,
    "url": "https://registry.npmjs.org/prettier"
  },
  "74 debug pnpm:request-retry": {
    "attempt": 1,
    "error": {
      "code": "ERR_INVALID_THIS"
    },
    "maxRetries": 2,
    "method": "GET",
    "timeout": 10000,
    "url": "https://registry.npmjs.org/rimraf"
  },
  "75 debug pnpm:request-retry": {
    "attempt": 1,
    "error": {
      "code": "ERR_INVALID_THIS"
    },
    "maxRetries": 2,
    "method": "GET",
    "timeout": 10000,
    "url": "https://registry.npmjs.org/vite"
  },
  "76 debug pnpm:request-retry": {
    "attempt": 1,
    "error": {
      "code": "ERR_INVALID_THIS"
    },
    "maxRetries": 2,
    "method": "GET",
    "timeout": 10000,
    "url": "https://registry.npmjs.org/@vitejs%2Fplugin-vue"
  },
  "77 debug pnpm:request-retry": {
    "attempt": 1,
    "error": {
      "code": "ERR_INVALID_THIS"
    },
    "maxRetries": 2,
    "method": "GET",
    "timeout": 10000,
    "url": "https://registry.npmjs.org/rollup-plugin-visualizer"
  },
  "78 debug pnpm:request-retry": {
    "attempt": 1,
    "error": {
      "code": "ERR_INVALID_THIS"
    },
    "maxRetries": 2,
    "method": "GET",
    "timeout": 10000,
    "url": "https://registry.npmjs.org/sass"
  },
  "79 debug pnpm:request-retry": {
    "attempt": 1,
    "error": {
      "code": "ERR_INVALID_THIS"
    },
    "maxRetries": 2,
    "method": "GET",
    "timeout": 10000,
    "url": "https://registry.npmjs.org/typescript"
  },
  "80 debug pnpm:request-retry": {
    "attempt": 1,
    "error": {
      "code": "ERR_INVALID_THIS"
    },
    "maxRetries": 2,
    "method": "GET",
    "timeout": 10000,
    "url": "https://registry.npmjs.org/unplugin-auto-import"
  },
  "81 debug pnpm:request-retry": {
    "attempt": 1,
    "error": {
      "code": "ERR_INVALID_THIS"
    },
    "maxRetries": 2,
    "method": "GET",
    "timeout": 10000,
    "url": "https://registry.npmjs.org/unplugin-vue-components"
  },
  "82 debug pnpm:request-retry": {
    "attempt": 1,
    "error": {
      "code": "ERR_INVALID_THIS"
    },
    "maxRetries": 2,
    "method": "GET",
    "timeout": 10000,
    "url": "https://registry.npmjs.org/vue-tsc"
  },
  "83 debug pnpm:request-retry": {
    "attempt": 1,
    "error": {
      "code": "ERR_INVALID_THIS"
    },
    "maxRetries": 2,
    "method": "GET",
    "timeout": 10000,
    "url": "https://registry.npmjs.org/@element-plus%2Ficons-vue"
  },
  "84 debug pnpm:request-retry": {
    "attempt": 1,
    "error": {
      "code": "ERR_INVALID_THIS"
    },
    "maxRetries": 2,
    "method": "GET",
    "timeout": 10000,
    "url": "https://registry.npmjs.org/element-plus"
  }
}